[boot] node v22.16.0 | cwd = C:\Users\robos\OneDrive\Documents\SwitchNest\site\apps\api
[boot] PORT env = "0" -> API_PORT = 4000
[boot] log file = C:\Users\robos\OneDrive\Documents\SwitchNest\site\apps\logs\app.log
[boot] createApp done
[boot] socket init done
[boot] listen target: 4000
[boot] main() setup complete — background DB init starting
[boot] db probe: connecting...
[boot] LISTENING on 0.0.0.0:4000
[boot] db probe: schema ready = true
[boot] request tracker: loaded
[boot] node v22.16.0 | cwd = C:\Users\robos\OneDrive\Documents\SwitchNest\site\apps\api
[boot] PORT env = "0" -> API_PORT = 4000
[boot] log file = C:\Users\robos\OneDrive\Documents\SwitchNest\site\apps\logs\app.log
[boot] createApp done
[boot] socket init done
[boot] listen target: 4000
[boot] main() setup complete — background DB init starting
[boot] db probe: connecting...
[boot] LISTENING on 0.0.0.0:4000
[boot] db probe: schema ready = true
[boot] request tracker: loaded
[boot] node v22.16.0 | cwd = C:\Users\robos\OneDrive\Documents\SwitchNest\site\apps\api
[boot] PORT env = "0" -> API_PORT = 4000
[boot] log file = C:\Users\robos\OneDrive\Documents\SwitchNest\site\apps\logs\app.log
[boot] createApp done
[boot] socket init done
[boot] listen target: 4000
[boot] main() setup complete — background DB init starting
[boot] db probe: connecting...
[boot] LISTENING on 0.0.0.0:4000
[boot] db probe: schema ready = true
[boot] request tracker: loaded
'"C:\WINDOWS\System32\inetsrv\appcmd.exe"' is not recognized as an internal or external command,
operable program or batch file.
The specified channel could not be found.

Failed to open event query.
The specified channel could not be found.
'"C:\WINDOWS\System32\inetsrv\appcmd.exe"' is not recognized as an internal or external command,
operable program or batch file.
The specified channel could not be found.

Failed to open event query.
The specified channel could not be found.
'"C:\WINDOWS\System32\inetsrv\appcmd.exe"' is not recognized as an internal or external command,
operable program or batch file.
The specified channel could not be found.

Failed to open event query.
The specified channel could not be found.
'"C:\WINDOWS\System32\inetsrv\appcmd.exe"' is not recognized as an internal or external command,
operable program or batch file.
The specified channel could not be found.

Failed to open event query.
The specified channel could not be found.
'"C:\WINDOWS\System32\inetsrv\appcmd.exe"' is not recognized as an internal or external command,
operable program or batch file.
The specified channel could not be found.

Failed to open event query.
The specified channel could not be found.
'"C:\WINDOWS\System32\inetsrv\appcmd.exe"' is not recognized as an internal or external command,
operable program or batch file.
The specified channel could not be found.

Failed to open event query.
The specified channel could not be found.
'"C:\WINDOWS\System32\inetsrv\appcmd.exe"' is not recognized as an internal or external command,
operable program or batch file.
The specified channel could not be found.

Failed to open event query.
The specified channel could not be found.
'"C:\WINDOWS\System32\inetsrv\appcmd.exe"' is not recognized as an internal or external command,
operable program or batch file.
The specified channel could not be found.

Failed to open event query.
The specified channel could not be found.
'"C:\WINDOWS\System32\inetsrv\appcmd.exe"' is not recognized as an internal or external command,
operable program or batch file.
The specified channel could not be found.

Failed to open event query.
The specified channel could not be found.
'"C:\WINDOWS\System32\inetsrv\appcmd.exe"' is not recognized as an internal or external command,
operable program or batch file.
The specified channel could not be found.

Failed to open event query.
The specified channel could not be found.
'"C:\WINDOWS\System32\inetsrv\appcmd.exe"' is not recognized as an internal or external command,
operable program or batch file.
The specified channel could not be found.

Failed to open event query.
The specified channel could not be found.
'"C:\WINDOWS\System32\inetsrv\appcmd.exe"' is not recognized as an internal or external command,
operable program or batch file.
The specified channel could not be found.

Failed to open event query.
The specified channel could not be found.
'"C:\WINDOWS\System32\inetsrv\appcmd.exe"' is not recognized as an internal or external command,
operable program or batch file.
The specified channel could not be found.

Failed to open event query.
The specified channel could not be found.
'"C:\WINDOWS\System32\inetsrv\appcmd.exe"' is not recognized as an internal or external command,
operable program or batch file.
The specified channel could not be found.

Failed to open event query.
The specified channel could not be found.
'"C:\WINDOWS\System32\inetsrv\appcmd.exe"' is not recognized as an internal or external command,
operable program or batch file.
The specified channel could not be found.

Failed to open event query.
The specified channel could not be found.
'"C:\WINDOWS\System32\inetsrv\appcmd.exe"' is not recognized as an internal or external command,
operable program or batch file.
The specified channel could not be found.

Failed to open event query.
The specified channel could not be found.
'"C:\WINDOWS\System32\inetsrv\appcmd.exe"' is not recognized as an internal or external command,
operable program or batch file.
The specified channel could not be found.

Failed to open event query.
The specified channel could not be found.
'"C:\WINDOWS\System32\inetsrv\appcmd.exe"' is not recognized as an internal or external command,
operable program or batch file.
The specified channel could not be found.

Failed to open event query.
The specified channel could not be found.
[boot] node v22.16.0 | cwd = C:\Users\robos\OneDrive\Documents\SwitchNest\site\apps\api
[boot] PORT env = "0" -> API_PORT = 4000
[boot] log file = C:\Users\robos\OneDrive\Documents\SwitchNest\site\apps\logs\app.log
[boot] createApp done
[boot] socket init done
[boot] listen target: 4000
[boot] main() setup complete — background DB init starting
[boot] db probe: connecting...
[boot] LISTENING on 0.0.0.0:4000
[boot] db probe: schema ready = true
[boot] request tracker: loaded
[boot] node v22.16.0 | cwd = C:\Users\robos\OneDrive\Documents\SwitchNest\site\apps\api
[boot] PORT env = "0" -> API_PORT = 4000
[boot] log file = C:\Users\robos\OneDrive\Documents\SwitchNest\site\apps\logs\app.log
[boot] createApp done
[boot] socket init done
[boot] listen target: 4000
[boot] main() setup complete — background DB init starting
[boot] db probe: connecting...
[boot] LISTENING on 0.0.0.0:4000
[boot] db probe: schema ready = true
[boot] request tracker: loaded
[boot] node v22.16.0 | cwd = C:\Users\robos\OneDrive\Documents\SwitchNest\site\apps\api
[boot] PORT env = "0" -> API_PORT = 4000
[boot] log file = C:\Users\robos\OneDrive\Documents\SwitchNest\site\apps\logs\app.log
[boot] createApp done
[boot] socket init done
[boot] listen target: 4000
[boot] main() setup complete — background DB init starting
[boot] db probe: connecting...
[boot] LISTENING on 0.0.0.0:4000
[boot] db probe: schema ready = true
[boot] request tracker: loaded
[boot] node v22.16.0 | cwd = C:\Users\robos\OneDrive\Documents\SwitchNest\site\apps\api
[boot] PORT env = "0" -> API_PORT = 4000
[boot] log file = C:\Users\robos\OneDrive\Documents\SwitchNest\site\apps\logs\app.log
[boot] createApp done
[boot] socket init done
[boot] listen target: 4000
[boot] main() setup complete — background DB init starting
[boot] db probe: connecting...
[boot] LISTENING on 0.0.0.0:4000
[boot] db probe: schema ready = true
[boot] request tracker: loaded
[boot] node v22.16.0 | cwd = C:\Users\robos\OneDrive\Documents\SwitchNest\site\apps\api
[boot] PORT env = "0" -> API_PORT = 4000
[boot] log file = C:\Users\robos\OneDrive\Documents\SwitchNest\site\apps\logs\app.log
[boot] createApp done
[boot] socket init done
[boot] listen target: 4000
[boot] main() setup complete — background DB init starting
[boot] db probe: connecting...
[boot] LISTENING on 0.0.0.0:4000
[boot] db probe: schema ready = true
[boot] request tracker: loaded
[boot] node v22.16.0 | cwd = C:\Users\robos\OneDrive\Documents\SwitchNest\site\apps\api
[boot] PORT env = "0" -> API_PORT = 4000
[boot] log file = C:\Users\robos\OneDrive\Documents\SwitchNest\site\apps\logs\app.log
[boot] createApp done
[boot] socket init done
[boot] listen target: 4000
[boot] main() setup complete — background DB init starting
[boot] db probe: connecting...
[boot] LISTENING on 0.0.0.0:4000
[boot] db probe: schema ready = true
[boot] request tracker: loaded
'"C:\WINDOWS\System32\inetsrv\appcmd.exe"' is not recognized as an internal or external command,
operable program or batch file.
The specified channel could not be found.

Failed to open event query.
The specified channel could not be found.
'"C:\WINDOWS\System32\inetsrv\appcmd.exe"' is not recognized as an internal or external command,
operable program or batch file.
The specified channel could not be found.

Failed to open event query.
The specified channel could not be found.
'"C:\WINDOWS\System32\inetsrv\appcmd.exe"' is not recognized as an internal or external command,
operable program or batch file.
The specified channel could not be found.

Failed to open event query.
The specified channel could not be found.
'"C:\WINDOWS\System32\inetsrv\appcmd.exe"' is not recognized as an internal or external command,
operable program or batch file.
The specified channel could not be found.

Failed to open event query.
The specified channel could not be found.
'"C:\WINDOWS\System32\inetsrv\appcmd.exe"' is not recognized as an internal or external command,
operable program or batch file.
The specified channel could not be found.

Failed to open event query.
The specified channel could not be found.
'"C:\WINDOWS\System32\inetsrv\appcmd.exe"' is not recognized as an internal or external command,
operable program or batch file.
The specified channel could not be found.

Failed to open event query.
The specified channel could not be found.
'"C:\WINDOWS\System32\inetsrv\appcmd.exe"' is not recognized as an internal or external command,
operable program or batch file.
The specified channel could not be found.

Failed to open event query.
The specified channel could not be found.
'"C:\WINDOWS\System32\inetsrv\appcmd.exe"' is not recognized as an internal or external command,
operable program or batch file.
The specified channel could not be found.

Failed to open event query.
The specified channel could not be found.
'"C:\WINDOWS\System32\inetsrv\appcmd.exe"' is not recognized as an internal or external command,
operable program or batch file.
The specified channel could not be found.

Failed to open event query.
The specified channel could not be found.
'"C:\WINDOWS\System32\inetsrv\appcmd.exe"' is not recognized as an internal or external command,
operable program or batch file.
The specified channel could not be found.

Failed to open event query.
The specified channel could not be found.
'"C:\WINDOWS\System32\inetsrv\appcmd.exe"' is not recognized as an internal or external command,
operable program or batch file.
The specified channel could not be found.

Failed to open event query.
The specified channel could not be found.
'"C:\WINDOWS\System32\inetsrv\appcmd.exe"' is not recognized as an internal or external command,
operable program or batch file.
The specified channel could not be found.

Failed to open event query.
The specified channel could not be found.
'"C:\WINDOWS\System32\inetsrv\appcmd.exe"' is not recognized as an internal or external command,
operable program or batch file.
The specified channel could not be found.

Failed to open event query.
The specified channel could not be found.
'"C:\WINDOWS\System32\inetsrv\appcmd.exe"' is not recognized as an internal or external command,
operable program or batch file.
The specified channel could not be found.

Failed to open event query.
The specified channel could not be found.
'"C:\WINDOWS\System32\inetsrv\appcmd.exe"' is not recognized as an internal or external command,
operable program or batch file.
The specified channel could not be found.

Failed to open event query.
The specified channel could not be found.
'"C:\WINDOWS\System32\inetsrv\appcmd.exe"' is not recognized as an internal or external command,
operable program or batch file.
The specified channel could not be found.

Failed to open event query.
The specified channel could not be found.
'"C:\WINDOWS\System32\inetsrv\appcmd.exe"' is not recognized as an internal or external command,
operable program or batch file.
The specified channel could not be found.

Failed to open event query.
The specified channel could not be found.
[boot] node v22.16.0 | cwd = C:\Users\robos\OneDrive\Documents\SwitchNest\site\apps\api
[boot] PORT env = "0" -> API_PORT = 4000
[boot] log file = C:\Users\robos\OneDrive\Documents\SwitchNest\site\apps\logs\app.log
[boot] createApp done
[boot] socket init done
[boot] listen target: 4000
[boot] main() setup complete — background DB init starting
[boot] db probe: connecting...
[boot] LISTENING on 0.0.0.0:4000
[boot] db probe: schema ready = true
[boot] request tracker: loaded
'"C:\WINDOWS\System32\inetsrv\appcmd.exe"' is not recognized as an internal or external command,
operable program or batch file.
The specified channel could not be found.

Failed to open event query.
The specified channel could not be found.
'"C:\WINDOWS\System32\inetsrv\appcmd.exe"' is not recognized as an internal or external command,
operable program or batch file.
The specified channel could not be found.

Failed to open event query.
The specified channel could not be found.
'"C:\WINDOWS\System32\inetsrv\appcmd.exe"' is not recognized as an internal or external command,
operable program or batch file.
The specified channel could not be found.

Failed to open event query.
The specified channel could not be found.
'"C:\WINDOWS\System32\inetsrv\appcmd.exe"' is not recognized as an internal or external command,
operable program or batch file.
The specified channel could not be found.

Failed to open event query.
The specified channel could not be found.
'"C:\WINDOWS\System32\inetsrv\appcmd.exe"' is not recognized as an internal or external command,
operable program or batch file.
The specified channel could not be found.

Failed to open event query.
The specified channel could not be found.
[boot] node v22.16.0 | cwd = C:\Users\robos\OneDrive\Documents\SwitchNest\site\apps\api
[boot] PORT env = "0" -> API_PORT = 4000
[boot] log file = C:\Users\robos\OneDrive\Documents\SwitchNest\site\apps\logs\app.log
[boot] createApp done
[boot] socket init done
[boot] listen target: 4000
[boot] main() setup complete — background DB init starting
[boot] db probe: connecting...
[boot] LISTENING on 0.0.0.0:4000
[boot] db probe: schema ready = true
[boot] request tracker: loaded
'"C:\WINDOWS\System32\inetsrv\appcmd.exe"' is not recognized as an internal or external command,
operable program or batch file.
The specified channel could not be found.

Failed to open event query.
The specified channel could not be found.
'"C:\WINDOWS\System32\inetsrv\appcmd.exe"' is not recognized as an internal or external command,
operable program or batch file.
The specified channel could not be found.

Failed to open event query.
The specified channel could not be found.
[boot] node v22.16.0 | cwd = C:\Users\robos\OneDrive\Documents\SwitchNest\site\apps\api
[boot] PORT env = "0" -> API_PORT = 4000
[boot] log file = C:\Users\robos\OneDrive\Documents\SwitchNest\site\apps\logs\app.log
[boot] createApp done
[boot] socket init done
[boot] listen target: 4000
[boot] main() setup complete — background DB init starting
[boot] db probe: connecting...
[boot] LISTENING on 0.0.0.0:4000
[boot] db probe: schema ready = true
[boot] request tracker: loaded
[boot] node v22.16.0 | cwd = C:\Users\robos\OneDrive\Documents\SwitchNest\site\apps\api
[boot] PORT env = "0" -> API_PORT = 4000
[boot] log file = C:\Users\robos\OneDrive\Documents\SwitchNest\site\apps\logs\app.log
[boot] createApp done
[boot] socket init done
[boot] listen target: 4000
[boot] main() setup complete — background DB init starting
[boot] db probe: connecting...
[boot] LISTENING on 0.0.0.0:4000
[boot] db probe: schema ready = true
[boot] request tracker: loaded
[boot] node v22.16.0 | cwd = C:\Users\robos\OneDrive\Documents\SwitchNest\site\apps\api
[boot] PORT env = "0" -> API_PORT = 4000
[boot] log file = C:\Users\robos\OneDrive\Documents\SwitchNest\site\apps\logs\app.log
[boot] createApp done
[boot] socket init done
[boot] listen target: 4000
[boot] main() setup complete — background DB init starting
[boot] db probe: connecting...
[boot] LISTENING on 0.0.0.0:4000
[boot] db probe: schema ready = true
[boot] request tracker: loaded
[boot] node v22.16.0 | cwd = C:\Users\robos\OneDrive\Documents\SwitchNest\site\apps\api
[boot] PORT env = "0" -> API_PORT = 4000
[boot] log file = C:\Users\robos\OneDrive\Documents\SwitchNest\site\apps\logs\app.log
[boot] createApp done
[boot] socket init done
[boot] listen target: 4000
[boot] main() setup complete — background DB init starting
[boot] db probe: connecting...
[boot] LISTENING on 0.0.0.0:4000
[boot] db probe: schema ready = true
[boot] request tracker: loaded
'"C:\WINDOWS\System32\inetsrv\appcmd.exe"' is not recognized as an internal or external command,
operable program or batch file.
The specified channel could not be found.

Failed to open event query.
The specified channel could not be found.
'"C:\WINDOWS\System32\inetsrv\appcmd.exe"' is not recognized as an internal or external command,
operable program or batch file.
The specified channel could not be found.

Failed to open event query.
The specified channel could not be found.
'"C:\WINDOWS\System32\inetsrv\appcmd.exe"' is not recognized as an internal or external command,
operable program or batch file.
The specified channel could not be found.

Failed to open event query.
The specified channel could not be found.
'"C:\WINDOWS\System32\inetsrv\appcmd.exe"' is not recognized as an internal or external command,
operable program or batch file.
The specified channel could not be found.

Failed to open event query.
The specified channel could not be found.
'"C:\WINDOWS\System32\inetsrv\appcmd.exe"' is not recognized as an internal or external command,
operable program or batch file.
The specified channel could not be found.

Failed to open event query.
The specified channel could not be found.
'"C:\WINDOWS\System32\inetsrv\appcmd.exe"' is not recognized as an internal or external command,
operable program or batch file.
The specified channel could not be found.

Failed to open event query.
The specified channel could not be found.
'"C:\WINDOWS\System32\inetsrv\appcmd.exe"' is not recognized as an internal or external command,
operable program or batch file.
The specified channel could not be found.

Failed to open event query.
The specified channel could not be found.
'"C:\WINDOWS\System32\inetsrv\appcmd.exe"' is not recognized as an internal or external command,
operable program or batch file.
The specified channel could not be found.

Failed to open event query.
The specified channel could not be found.
'"C:\WINDOWS\System32\inetsrv\appcmd.exe"' is not recognized as an internal or external command,
operable program or batch file.
The specified channel could not be found.

Failed to open event query.
The specified channel could not be found.
[boot] node v22.16.0 | cwd = C:\Users\robos\OneDrive\Documents\SwitchNest\site\apps\api
[boot] PORT env = "0" -> API_PORT = 4000
[boot] log file = C:\Users\robos\OneDrive\Documents\SwitchNest\site\apps\logs\app.log
[boot] createApp done
[boot] socket init done
[boot] listen target: 4000
[boot] main() setup complete — background DB init starting
[boot] db probe: connecting...
[boot] LISTENING on 0.0.0.0:4000
[boot] db probe: schema ready = true
[boot] request tracker: loaded
'"C:\WINDOWS\System32\inetsrv\appcmd.exe"' is not recognized as an internal or external command,
operable program or batch file.
The specified channel could not be found.

Failed to open event query.
The specified channel could not be found.
'"C:\WINDOWS\System32\inetsrv\appcmd.exe"' is not recognized as an internal or external command,
operable program or batch file.
The specified channel could not be found.

Failed to open event query.
The specified channel could not be found.
'"C:\WINDOWS\System32\inetsrv\appcmd.exe"' is not recognized as an internal or external command,
operable program or batch file.
The specified channel could not be found.

Failed to open event query.
The specified channel could not be found.
