[boot] node v22.16.0 | cwd = C:\Users\robos\OneDrive\Documents\SwitchNest\site\apps\api
[boot] PORT env = "0" -> API_PORT = 4000
[boot] log file = C:\Users\robos\OneDrive\Documents\SwitchNest\site\apps\logs\app.log
[boot] createApp done
[boot] socket init done
[boot] listen target: 4000
[boot] main() setup complete — background DB init starting
[boot] db probe: connecting...
[server] listen error: Error: listen EADDRINUSE: address already in use 0.0.0.0:4000
    at Server.setupListenHandle [as _listen2] (node:net:1939:16)
    at listenInCluster (node:net:1996:12)
    at node:net:2205:7
    at process.processTicksAndRejections (node:internal/process/task_queues:90:21)
[boot] db probe: schema ready = true
[boot] request tracker: loaded
[scheduler] tick error: PrismaClientKnownRequestError: 
Invalid `prisma.schedule.findMany()` invocation in
C:\Users\robos\OneDrive\Documents\SwitchNest\site\apps\api\src\services\scheduler.service.ts:36:39

  33 fileLog(`[scheduler] tick ${new Date().toISOString()} start`);
  34 try {
  35   const now = new Date();
→ 36   const due = await prisma.schedule.findMany(
Can't reach database server at `localhost:3306`

Please make sure your database server is running at `localhost:3306`.
    at ei.handleRequestError (C:\Users\robos\OneDrive\Documents\SwitchNest\site\node_modules\@prisma\client\src\runtime\RequestHandler.ts:228:13)
    at ei.handleAndLogRequestError (C:\Users\robos\OneDrive\Documents\SwitchNest\site\node_modules\@prisma\client\src\runtime\RequestHandler.ts:174:12)
    at ei.request (C:\Users\robos\OneDrive\Documents\SwitchNest\site\node_modules\@prisma\client\src\runtime\RequestHandler.ts:143:12)
    at async a (C:\Users\robos\OneDrive\Documents\SwitchNest\site\node_modules\@prisma\client\src\runtime\getPrismaClient.ts:833:24)
    at async Timeout.runDueSchedules (C:\Users\robos\OneDrive\Documents\SwitchNest\site\apps\api\src\services\scheduler.service.ts:36:17) {
  code: 'P1001',
  meta: { modelName: 'Schedule', database_location: 'localhost:3306' },
  clientVersion: '6.19.3'
}
[scheduler] tick error: PrismaClientKnownRequestError: 
Invalid `prisma.schedule.findMany()` invocation in
C:\Users\robos\OneDrive\Documents\SwitchNest\site\apps\api\src\services\scheduler.service.ts:36:39

  33 fileLog(`[scheduler] tick ${new Date().toISOString()} start`);
  34 try {
  35   const now = new Date();
→ 36   const due = await prisma.schedule.findMany(
Can't reach database server at `localhost:3306`

Please make sure your database server is running at `localhost:3306`.
    at ei.handleRequestError (C:\Users\robos\OneDrive\Documents\SwitchNest\site\node_modules\@prisma\client\src\runtime\RequestHandler.ts:228:13)
    at ei.handleAndLogRequestError (C:\Users\robos\OneDrive\Documents\SwitchNest\site\node_modules\@prisma\client\src\runtime\RequestHandler.ts:174:12)
    at ei.request (C:\Users\robos\OneDrive\Documents\SwitchNest\site\node_modules\@prisma\client\src\runtime\RequestHandler.ts:143:12)
    at async a (C:\Users\robos\OneDrive\Documents\SwitchNest\site\node_modules\@prisma\client\src\runtime\getPrismaClient.ts:833:24)
    at async Timeout.runDueSchedules (C:\Users\robos\OneDrive\Documents\SwitchNest\site\apps\api\src\services\scheduler.service.ts:36:17) {
  code: 'P1001',
  meta: { modelName: 'Schedule', database_location: 'localhost:3306' },
  clientVersion: '6.19.3'
}
[scheduler] tick error: PrismaClientKnownRequestError: 
Invalid `prisma.schedule.findMany()` invocation in
C:\Users\robos\OneDrive\Documents\SwitchNest\site\apps\api\src\services\scheduler.service.ts:36:39

  33 fileLog(`[scheduler] tick ${new Date().toISOString()} start`);
  34 try {
  35   const now = new Date();
→ 36   const due = await prisma.schedule.findMany(
Can't reach database server at `localhost:3306`

Please make sure your database server is running at `localhost:3306`.
    at ei.handleRequestError (C:\Users\robos\OneDrive\Documents\SwitchNest\site\node_modules\@prisma\client\src\runtime\RequestHandler.ts:228:13)
    at ei.handleAndLogRequestError (C:\Users\robos\OneDrive\Documents\SwitchNest\site\node_modules\@prisma\client\src\runtime\RequestHandler.ts:174:12)
    at ei.request (C:\Users\robos\OneDrive\Documents\SwitchNest\site\node_modules\@prisma\client\src\runtime\RequestHandler.ts:143:12)
    at async a (C:\Users\robos\OneDrive\Documents\SwitchNest\site\node_modules\@prisma\client\src\runtime\getPrismaClient.ts:833:24)
    at async Timeout.runDueSchedules (C:\Users\robos\OneDrive\Documents\SwitchNest\site\apps\api\src\services\scheduler.service.ts:36:17) {
  code: 'P1001',
  meta: { modelName: 'Schedule', database_location: 'localhost:3306' },
  clientVersion: '6.19.3'
}
[scheduler] tick error: PrismaClientKnownRequestError: 
Invalid `prisma.schedule.findMany()` invocation in
C:\Users\robos\OneDrive\Documents\SwitchNest\site\apps\api\src\services\scheduler.service.ts:36:39

  33 fileLog(`[scheduler] tick ${new Date().toISOString()} start`);
  34 try {
  35   const now = new Date();
→ 36   const due = await prisma.schedule.findMany(
Can't reach database server at `localhost:3306`

Please make sure your database server is running at `localhost:3306`.
    at ei.handleRequestError (C:\Users\robos\OneDrive\Documents\SwitchNest\site\node_modules\@prisma\client\src\runtime\RequestHandler.ts:228:13)
    at ei.handleAndLogRequestError (C:\Users\robos\OneDrive\Documents\SwitchNest\site\node_modules\@prisma\client\src\runtime\RequestHandler.ts:174:12)
    at ei.request (C:\Users\robos\OneDrive\Documents\SwitchNest\site\node_modules\@prisma\client\src\runtime\RequestHandler.ts:143:12)
    at async a (C:\Users\robos\OneDrive\Documents\SwitchNest\site\node_modules\@prisma\client\src\runtime\getPrismaClient.ts:833:24)
    at async Timeout.runDueSchedules (C:\Users\robos\OneDrive\Documents\SwitchNest\site\apps\api\src\services\scheduler.service.ts:36:17) {
  code: 'P1001',
  meta: { modelName: 'Schedule', database_location: 'localhost:3306' },
  clientVersion: '6.19.3'
}
